// Jest Snapshot v1, https://goo.gl/fbAQLP

exports[`RaffleContainer renders 1`] = `
<div>
  <main
    class="ph3 pv3 pv4-ns mw6-m mw7-l center-ns"
  >
    <form>
      <div>
        <label
          class="f4 f3-ns lh-copy dark-blue"
          for="meetup"
        >
          Meetup name (from your URL):
        </label>
        <input
          type="text"
          value=""
          name="meetup"
          class="input-reset f4 f3-ns near-black ba bw3 b--moon-gray mt3 pa2 w-100"
          id="meetup"
          placeholder="required"
          required=""
        />
      </div>
      <div
        class="mv4"
      >
        <div
          class="mb3"
        >
          <label
            class="f4 f3-ns lh-copy dark-blue"
            for="count"
          >
            Number of winners:
          </label>
        </div>
        <span
          class="flex flex-row"
        >
          <button
            aria-label="decrement"
            type="button"
            disabled=""
            class="bn bg-transparent h3 w3 pointer silver"
            data-testid="decrement-button"
          >
            <svg
              xmlns="http://www.w3.org/2000/svg"
              fill="currentColor"
              viewBox="0 0 40 40"
              preserveAspectRatio="xMidYMid meet"
            >
              <g>
                <path
                  d="m22.5 17.5v-5h-5v5h-5l7.5 10 7.5-10h-5z"
                />
              </g>
            </svg>
          </button>
          <input
            type="text"
            id="count"
            class="tc near-black w3 f3 pv1"
            value="1"
            name="count"
            pattern="[0-9]*"
          />
          <button
            aria-label="increment"
            type="button"
            class="bn bg-transparent h3 w3 pointer near-black"
            data-testid="increment-button"
          >
            <svg
              xmlns="http://www.w3.org/2000/svg"
              fill="currentColor"
              viewBox="0 0 40 40"
              preserveAspectRatio="xMidYMid meet"
            >
              <g>
                <path
                  d="m20 12.5l-7.5 10h5v5h5v-5h5l-7.5-10z"
                />
              </g>
            </svg>
          </button>
        </span>
      </div>
      <div
        class="mv4"
      >
        <button
          type="button"
          class="link bn bg-transparent pa0 pointer near-black"
          data-testid="advanced-button"
        >
          <span
            class="dib w1"
            role="img"
            aria-label="toggle advanced options"
            data-testid="advanced-button-icon"
          >
            ▶
          </span>
          <span
            class="ph2"
          >
            Advanced Options
          </span>
        </button>
        <div
          style="height: 0px; overflow: hidden;"
        >
          <div
            class="mt3"
          >
            <label
              class="f6 f5-ns lh-copy dark-blue"
              for="specificEventId"
            >
              Specific event ID
              <em>
                (defaults to soonest upcoming/in-progress event)
              </em>
              :
            </label>
            <input
              type="text"
              value=""
              name="specificEventId"
              class="input-reset f6 f5-ns near-black ba bw1 b--moon-gray mt3 pa2 w-100"
              id="specificEventId"
              placeholder="optional"
            />
          </div>
          <div
            class="mt3"
          >
            <label
              class="f6 f5-ns lh-copy dark-blue"
              for="meetupApiKey"
            >
              <a
                href="https://secure.meetup.com/meetup_api/key/"
                target="_blank"
                rel="noopener noreferrer"
              >
                Meetup API key
              </a>
              <em>
                (enables full names of winners)
              </em>
              :
            </label>
            <input
              type="text"
              value=""
              name="meetupApiKey"
              class="input-reset f6 f5-ns near-black ba bw1 b--moon-gray mt3 pa2 w-100"
              id="meetupApiKey"
              placeholder="optional"
            />
          </div>
        </div>
      </div>
      <button
        class="db center-ns w-100 w5-ns f5 f4-ns b input-reset ba near-black b--near-black bg-white hover-bg-moon-gray pointer ph5 pv3 shadow-5"
        type="submit"
      >
        Draw
      </button>
    </form>
  </main>
</div>
`;
