// Jest Snapshot v1, https://goo.gl/fbAQLP

exports[`Winner renders 1`] = `
.emotion-0 {
  background-image: url(https://i.imgur.com/3VhMoBD.png),url('/user-placeholder.svg');
}

<a
  class="flex flex-column dim link ba b--dark-blue dark-blue mb3 w4 shadow-5"
  href="https://en.wikipedia.org/wiki/Pickle_Rick"
  rel="noopener noreferrer"
  target="_blank"
>
  <span
    class="db bg-center cover h4 emotion-0"
    role="img"
  />
  <div
    class="flex flex-grow-1 justify-center items-center bg-white"
  >
    <span
      class="tc pa3"
      data-testid="name"
    >
      Pickle Rick
    </span>
  </div>
</a>
`;
